[    1883ms] [INFO] LegacyDataMixin will be applied to all legacy elements.
Set `_legacyUndefinedCheck: true` on element class to enable. @ https://www.youtube.com/s/_/ytmainappweb/_/js/k=ytmainappweb.kevlar_base.en_US.SwwDebEaYf8.es5.O/am=AAAAQAAAAgk/d=1/br=1/rs=AGKMywESHV6YstCpbk-mfmSXWR8fQ_BpUw/m=kevlar_base_module,kevlar_main_module,kevlar_base_sync_mod_chunk:9703
[    2207ms] [INFO] LegacyDataMixin will be applied to all legacy elements.
Set `_legacyUndefinedCheck: true` on element class to enable. @ https://www.youtube.com/s/_/ytmainappweb/_/js/k=ytmainappweb.kevlar_base.en_US.SwwDebEaYf8.es5.O/am=AAAAQAAAAgk/d=1/br=1/rs=AGKMywESHV6YstCpbk-mfmSXWR8fQ_BpUw/m=kevlar_base_module,kevlar_main_module,kevlar_base_sync_mod_chunk:9703
[    3988ms] [ERROR] Failed to load resource: the server responded with a status of 429 () @ https://accounts.youtube.com/RotateCookies:0
[    4622ms] [INFO] Banner not shown: beforeinstallpromptevent.preventDefault() called. The page must call beforeinstallpromptevent.prompt() to show the banner. @ https://www.youtube.com/watch?v=2C7I8OVE174:0
[    4623ms] [INFO] Banner not shown: beforeinstallpromptevent.preventDefault() called. The page must call beforeinstallpromptevent.prompt() to show the banner. @ https://www.youtube.com/watch?v=8nDZQyZklEk:0
[    7725ms] [WARNING] The resource https://rr4---sn-q4flrn7r.googlevideo.com/generate_204 was preloaded using link preload but not used within a few seconds from the window's load event. Please make sure it has an appropriate `as` value and it is preloaded intentionally. @ https://www.youtube.com/watch?v=8nDZQyZklEk:0
[    7725ms] [WARNING] The resource https://i.ytimg.com/generate_204 was preloaded using link preload but not used within a few seconds from the window's load event. Please make sure it has an appropriate `as` value and it is preloaded intentionally. @ https://www.youtube.com/watch?v=8nDZQyZklEk:0
[    7725ms] [WARNING] The resource https://rr4---sn-q4flrn7r.c.youtube.com/generate_204 was preloaded using link preload but not used within a few seconds from the window's load event. Please make sure it has an appropriate `as` value and it is preloaded intentionally. @ https://www.youtube.com/watch?v=8nDZQyZklEk:0
[    9221ms] [WARNING] The resource https://rr3---sn-q4flrn7r.c.youtube.com/generate_204 was preloaded using link preload but not used within a few seconds from the window's load event. Please make sure it has an appropriate `as` value and it is preloaded intentionally. @ https://www.youtube.com/watch?v=2C7I8OVE174:0
[    9221ms] [WARNING] The resource https://i.ytimg.com/generate_204 was preloaded using link preload but not used within a few seconds from the window's load event. Please make sure it has an appropriate `as` value and it is preloaded intentionally. @ https://www.youtube.com/watch?v=2C7I8OVE174:0
[    9221ms] [WARNING] The resource https://rr4---sn-q4fl6nsl.googlevideo.com/generate_204 was preloaded using link preload but not used within a few seconds from the window's load event. Please make sure it has an appropriate `as` value and it is preloaded intentionally. @ https://www.youtube.com/watch?v=2C7I8OVE174:0
[   14614ms] [WARNING] The resource https://rr4---sn-q4flrn7r.googlevideo.com/generate_204 was preloaded using link preload but not used within a few seconds from the window's load event. Please make sure it has an appropriate `as` value and it is preloaded intentionally. @ https://www.youtube.com/watch?v=8nDZQyZklEk:0
[   14614ms] [WARNING] The resource https://i.ytimg.com/generate_204 was preloaded using link preload but not used within a few seconds from the window's load event. Please make sure it has an appropriate `as` value and it is preloaded intentionally. @ https://www.youtube.com/watch?v=8nDZQyZklEk:0
[   14614ms] [WARNING] The resource https://rr4---sn-q4flrn7r.c.youtube.com/generate_204 was preloaded using link preload but not used within a few seconds from the window's load event. Please make sure it has an appropriate `as` value and it is preloaded intentionally. @ https://www.youtube.com/watch?v=8nDZQyZklEk:0
[   14741ms] [WARNING] The resource https://rr3---sn-q4flrn7r.c.youtube.com/generate_204 was preloaded using link preload but not used within a few seconds from the window's load event. Please make sure it has an appropriate `as` value and it is preloaded intentionally. @ https://www.youtube.com/watch?v=2C7I8OVE174:0
[   14741ms] [WARNING] The resource https://i.ytimg.com/generate_204 was preloaded using link preload but not used within a few seconds from the window's load event. Please make sure it has an appropriate `as` value and it is preloaded intentionally. @ https://www.youtube.com/watch?v=2C7I8OVE174:0
[   14741ms] [WARNING] The resource https://rr4---sn-q4fl6nsl.googlevideo.com/generate_204 was preloaded using link preload but not used within a few seconds from the window's load event. Please make sure it has an appropriate `as` value and it is preloaded intentionally. @ https://www.youtube.com/watch?v=2C7I8OVE174:0
[   24616ms] [WARNING] The resource https://rr3---sn-q4flrn7r.c.youtube.com/generate_204 was preloaded using link preload but not used within a few seconds from the window's load event. Please make sure it has an appropriate `as` value and it is preloaded intentionally. @ https://www.youtube.com/watch?v=2C7I8OVE174:0
[   24616ms] [WARNING] The resource https://i.ytimg.com/generate_204 was preloaded using link preload but not used within a few seconds from the window's load event. Please make sure it has an appropriate `as` value and it is preloaded intentionally. @ https://www.youtube.com/watch?v=2C7I8OVE174:0
[   24616ms] [WARNING] The resource https://rr4---sn-q4fl6nsl.googlevideo.com/generate_204 was preloaded using link preload but not used within a few seconds from the window's load event. Please make sure it has an appropriate `as` value and it is preloaded intentionally. @ https://www.youtube.com/watch?v=2C7I8OVE174:0
[   34616ms] [WARNING] The resource https://rr3---sn-q4flrn7r.c.youtube.com/generate_204 was preloaded using link preload but not used within a few seconds from the window's load event. Please make sure it has an appropriate `as` value and it is preloaded intentionally. @ https://www.youtube.com/watch?v=2C7I8OVE174:0
[   34616ms] [WARNING] The resource https://i.ytimg.com/generate_204 was preloaded using link preload but not used within a few seconds from the window's load event. Please make sure it has an appropriate `as` value and it is preloaded intentionally. @ https://www.youtube.com/watch?v=2C7I8OVE174:0
[   34616ms] [WARNING] The resource https://rr4---sn-q4fl6nsl.googlevideo.com/generate_204 was preloaded using link preload but not used within a few seconds from the window's load event. Please make sure it has an appropriate `as` value and it is preloaded intentionally. @ https://www.youtube.com/watch?v=2C7I8OVE174:0
[   39745ms] [WARNING] The resource https://rr3---sn-q4flrn7r.c.youtube.com/generate_204 was preloaded using link preload but not used within a few seconds from the window's load event. Please make sure it has an appropriate `as` value and it is preloaded intentionally. @ https://www.youtube.com/watch?v=2C7I8OVE174:0
[   39745ms] [WARNING] The resource https://i.ytimg.com/generate_204 was preloaded using link preload but not used within a few seconds from the window's load event. Please make sure it has an appropriate `as` value and it is preloaded intentionally. @ https://www.youtube.com/watch?v=2C7I8OVE174:0
[   39745ms] [WARNING] The resource https://rr4---sn-q4fl6nsl.googlevideo.com/generate_204 was preloaded using link preload but not used within a few seconds from the window's load event. Please make sure it has an appropriate `as` value and it is preloaded intentionally. @ https://www.youtube.com/watch?v=2C7I8OVE174:0
[   44633ms] [WARNING] The resource https://rr3---sn-q4flrn7r.c.youtube.com/generate_204 was preloaded using link preload but not used within a few seconds from the window's load event. Please make sure it has an appropriate `as` value and it is preloaded intentionally. @ https://www.youtube.com/watch?v=2C7I8OVE174:0
[   44633ms] [WARNING] The resource https://i.ytimg.com/generate_204 was preloaded using link preload but not used within a few seconds from the window's load event. Please make sure it has an appropriate `as` value and it is preloaded intentionally. @ https://www.youtube.com/watch?v=2C7I8OVE174:0
[   44633ms] [WARNING] The resource https://rr4---sn-q4fl6nsl.googlevideo.com/generate_204 was preloaded using link preload but not used within a few seconds from the window's load event. Please make sure it has an appropriate `as` value and it is preloaded intentionally. @ https://www.youtube.com/watch?v=2C7I8OVE174:0
[   67767ms] [WARNING] The resource https://rr4---sn-q4flrn7r.googlevideo.com/generate_204 was preloaded using link preload but not used within a few seconds from the window's load event. Please make sure it has an appropriate `as` value and it is preloaded intentionally. @ https://www.youtube.com/watch?v=8nDZQyZklEk:0
[   67767ms] [WARNING] The resource https://i.ytimg.com/generate_204 was preloaded using link preload but not used within a few seconds from the window's load event. Please make sure it has an appropriate `as` value and it is preloaded intentionally. @ https://www.youtube.com/watch?v=8nDZQyZklEk:0
[   67767ms] [WARNING] The resource https://rr4---sn-q4flrn7r.c.youtube.com/generate_204 was preloaded using link preload but not used within a few seconds from the window's load event. Please make sure it has an appropriate `as` value and it is preloaded intentionally. @ https://www.youtube.com/watch?v=8nDZQyZklEk:0
[  306582ms] [WARNING] The resource https://rr3---sn-q4flrn7r.c.youtube.com/generate_204 was preloaded using link preload but not used within a few seconds from the window's load event. Please make sure it has an appropriate `as` value and it is preloaded intentionally. @ https://www.youtube.com/watch?v=2C7I8OVE174:0
[  306583ms] [WARNING] The resource https://i.ytimg.com/generate_204 was preloaded using link preload but not used within a few seconds from the window's load event. Please make sure it has an appropriate `as` value and it is preloaded intentionally. @ https://www.youtube.com/watch?v=2C7I8OVE174:0
[  306583ms] [WARNING] The resource https://rr4---sn-q4fl6nsl.googlevideo.com/generate_204 was preloaded using link preload but not used within a few seconds from the window's load event. Please make sure it has an appropriate `as` value and it is preloaded intentionally. @ https://www.youtube.com/watch?v=2C7I8OVE174:0
[  306765ms] [WARNING] The resource https://rr4---sn-q4flrn7r.googlevideo.com/generate_204 was preloaded using link preload but not used within a few seconds from the window's load event. Please make sure it has an appropriate `as` value and it is preloaded intentionally. @ https://www.youtube.com/watch?v=8nDZQyZklEk:0
[  306765ms] [WARNING] The resource https://i.ytimg.com/generate_204 was preloaded using link preload but not used within a few seconds from the window's load event. Please make sure it has an appropriate `as` value and it is preloaded intentionally. @ https://www.youtube.com/watch?v=8nDZQyZklEk:0
[  306765ms] [WARNING] The resource https://rr4---sn-q4flrn7r.c.youtube.com/generate_204 was preloaded using link preload but not used within a few seconds from the window's load event. Please make sure it has an appropriate `as` value and it is preloaded intentionally. @ https://www.youtube.com/watch?v=8nDZQyZklEk:0
